# LimeSeeker WiFi Baseline
# Location: Hemma
# Interface: wlan0
# Source: /home/limemec/kod/github/limeseeker/reports/limeseeker_wifi/wlan0_20260203_141405.raw
# Created: tis  3 feb 2026 14:14:47 CET

AP|SSID=	SSID: Asus30|BSSID=d4:5d:64:0c:ae:30(on|ENC=OPEN|CHAN=?|WPS=no
AP|SSID=	SSID: G-1|BSSID=7c:2e:bd:7f:1d:94(on|ENC=OPEN|CHAN=?|WPS=no
AP|SSID=	SSID: Asus30_5G|BSSID=d4:5d:64:0c:ae:34(on|ENC=OPEN|CHAN=?|WPS=no
AP|SSID=	SSID: G-1|BSSID=7c:2e:bd:81:e4:b2(on|ENC=OPEN|CHAN=?|WPS=no
AP|SSID=	SSID: G-1|BSSID=7c:2e:bd:7f:1d:90(on|ENC=OPEN|CHAN=?|WPS=no
