Interface: wlan0 | Target LAN: 192.168.1.208/24
Method: TCP Connect (-sT), Timing: T2

▶ Discovering live hosts...
[OK] Found 3 live host(s).

Host: 192.168.1.1
------------------------------------------------------------
Starting Nmap 7.98 ( https://nmap.org ) at 2026-02-04 11:16 +0100
Stats: 0:00:05 elapsed; 0 hosts completed (1 up), 1 undergoing Connect Scan
Connect Scan Timing: About 2.00% done; ETC: 11:19 (0:03:16 remaining)
Nmap scan report for 192.168.1.1
Host is up (0.0011s latency).
Not shown: 495 closed tcp ports (conn-refused)
PORT     STATE SERVICE        VERSION
53/tcp   open  domain         Cloudflare public DNS
80/tcp   open  http?
|_http-title: Site doesn't have a title (text/html).
| fingerprint-strings: 
|   FourOhFourRequest: 
|     HTTP/1.0 404 Not Found
|     Server: httpd/2.0
|     x-frame-options: SAMEORIGIN
|     x-xss-protection: 1; mode=block
|     Date: Wed, 04 Feb 2026 10:20:09 GMT
|     Content-Type: text/html
|     Connection: close
|     <HTML><HEAD><TITLE>404 Not Found</TITLE></HEAD>
|     <BODY BGCOLOR="#cc9999"><H4>404 Not Found</H4>
|     File not found.
|     </BODY></HTML>
|   GetRequest: 
|     HTTP/1.0 200 OK
|     Server: httpd/2.0
|     x-frame-options: SAMEORIGIN
|     x-xss-protection: 1; mode=block
|     Date: Wed, 04 Feb 2026 10:20:04 GMT
|     Content-Type: text/html
|     Connection: close
|     <HTML><HEAD><script>window.top.location.href='/Main_Login.asp';</script>
|     </HEAD></HTML>
|   HTTPOptions, RTSPRequest: 
|     HTTP/1.0 501 Not Implemented
|     Server: httpd/2.0
|     x-frame-options: SAMEORIGIN
|     x-xss-protection: 1; mode=block
|     Date: Wed, 04 Feb 2026 10:20:04 GMT
|     Content-Type: text/html
|     Connection: close
|     <HTML><HEAD><TITLE>501 Not Implemented</TITLE></HEAD>
|     <BODY BGCOLOR="#cc9999"><H4>501 Not Implemented</H4>
|     That method is not implemented.
|     </BODY></HTML>
|   X11Probe: 
|     HTTP/1.0 400 Bad Request
|     Server: httpd/2.0
|     x-frame-options: SAMEORIGIN
|     x-xss-protection: 1; mode=block
|     Date: Wed, 04 Feb 2026 10:20:09 GMT
|     Content-Type: text/html
|     Connection: close
|     <HTML><HEAD><TITLE>400 Bad Request</TITLE></HEAD>
|     <BODY BGCOLOR="#cc9999"><H4>400 Bad Request</H4>
|     Can't parse request.
|_    </BODY></HTML>
515/tcp  open  printer?
8443/tcp open  ssl/https-alt?
|_http-title: Site doesn't have a title (text/html).
| fingerprint-strings: 
|   FourOhFourRequest: 
|     HTTP/1.0 404 Not Found
|     Server: httpd/2.0
|     x-frame-options: SAMEORIGIN
|     x-xss-protection: 1; mode=block
|     Date: Wed, 04 Feb 2026 10:21:52 GMT
|     Content-Type: text/html
|     Connection: close
|     <HTML><HEAD><TITLE>404 Not Found</TITLE></HEAD>
|     <BODY BGCOLOR="#cc9999"><H4>404 Not Found</H4>
|     File not found.
|     </BODY></HTML>
|   GetRequest: 
|     HTTP/1.0 200 OK
|     Server: httpd/2.0
|     x-frame-options: SAMEORIGIN
|     x-xss-protection: 1; mode=block
|     Date: Wed, 04 Feb 2026 10:21:52 GMT
|     Content-Type: text/html
|     Connection: close
|     <HTML><HEAD><script>window.top.location.href='/Main_Login.asp';</script>
|     </HEAD></HTML>
|   HTTPOptions, RTSPRequest: 
|     HTTP/1.0 501 Not Implemented
|     Server: httpd/2.0
|     x-frame-options: SAMEORIGIN
|     x-xss-protection: 1; mode=block
|     Date: Wed, 04 Feb 2026 10:21:52 GMT
|     Content-Type: text/html
|     Connection: close
|     <HTML><HEAD><TITLE>501 Not Implemented</TITLE></HEAD>
|     <BODY BGCOLOR="#cc9999"><H4>501 Not Implemented</H4>
|     That method is not implemented.
|     </BODY></HTML>
|   RPCCheck: 
|     HTTP/1.0 400 Bad Request
|     Server: httpd/2.0
|     x-frame-options: SAMEORIGIN
|     x-xss-protection: 1; mode=block
|     Date: Wed, 04 Feb 2026 10:21:57 GMT
|     Content-Type: text/html
|     Connection: close
|     <HTML><HEAD><TITLE>400 Bad Request</TITLE></HEAD>
|     <BODY BGCOLOR="#cc9999"><H4>400 Bad Request</H4>
|     Can't parse request.
|_    </BODY></HTML>
9100/tcp open  jetdirect?
2 services unrecognized despite returning data. If you know the service/version, please submit the following fingerprints at https://nmap.org/cgi-bin/submit.cgi?new-service :
==============NEXT SERVICE FINGERPRINT (SUBMIT INDIVIDUALLY)==============
SF-Port80-TCP:V=7.98%I=5%D=2/4%Time=69831D54%P=x86_64-pc-linux-gnu%r(GetRe
SF:quest,10D,"HTTP/1\.0 200 OK
Server: httpd/2\.0
x-frame-o
SF:ptions: SAMEORIGIN
x-xss-protection: 1; mode=block
Date:
SF: Wed, 04 Feb 2026 10:20:04 GMT
Content-Type: te
SF:xt/html
Connection: close

<HTML><HEAD><script>window\.top\
SF:.location\.href='/Main_Login\.asp';</script>
</HEAD></HTML>
")%r(HTTP
SF:Options,15C,"HTTP/1\.0 501 Not Implemented
Server: httpd
SF:/2\.0
x-frame-options: SAMEORIGIN
x-xss-protection: 1; m
SF:ode=block
Date: Wed, 04 Feb 2026 10:20:04 GMT
C
SF:ontent-Type: text/html
Connection: close

<HTML><HEAD><T
SF:ITLE>501 Not Implemented</TITLE></HEAD>
<BODY BGCOLOR=\"#cc99
SF:99\"><H4>501 Not Implemented</H4>
That method is not
SF:0implemented\.
</BODY></HTML>
")%r(RTSPRequest,15C,"HTTP/1\.0 501\
SF:x20Not Implemented
Server: httpd/2\.0
x-frame-options: S
SF:AMEORIGIN
x-xss-protection: 1; mode=block
Date: Wed, 
SF:04 Feb 2026 10:20:04 GMT
Content-Type: text/html
C
SF:onnection: close

<HTML><HEAD><TITLE>501 Not Implemented
SF:</TITLE></HEAD>
<BODY BGCOLOR=\"#cc9999\"><H4>501 Not Impleme
SF:nted</H4>
That method is not implemented\.
</BODY></HTML>
SF:
")%r(X11Probe,145,"HTTP/1\.0 400 Bad Request
Server: h
SF:ttpd/2\.0
x-frame-options: SAMEORIGIN
x-xss-protection: 1;\
SF:x20mode=block
Date: Wed, 04 Feb 2026 10:20:09 GMT\
SF:r
Content-Type: text/html
Connection: close

<HTML><HEA
SF:D><TITLE>400 Bad Request</TITLE></HEAD>
<BODY BGCOLOR=\"#cc99
SF:99\"><H4>400 Bad Request</H4>
Can't parse request\.
</BOD
SF:Y></HTML>
")%r(FourOhFourRequest,13A,"HTTP/1\.0 404 Not Found
SF:
Server: httpd/2\.0
x-frame-options: SAMEORIGIN
x-xss-pr
SF:otection: 1; mode=block
Date: Wed, 04 Feb 2026 
SF:10:20:09 GMT
Content-Type: text/html
Connection: close
SF:

<HTML><HEAD><TITLE>404 Not Found</TITLE></HEAD>
<BODY B
SF:GCOLOR=\"#cc9999\"><H4>404 Not Found</H4>
File not found\.
SF:
</BODY></HTML>
");
==============NEXT SERVICE FINGERPRINT (SUBMIT INDIVIDUALLY)==============
SF-Port8443-TCP:V=7.98%T=SSL%I=5%D=2/4%Time=69831DC0%P=x86_64-pc-linux-gnu
SF:%r(GetRequest,10D,"HTTP/1\.0 200 OK
Server: httpd/2\.0
x
SF:-frame-options: SAMEORIGIN
x-xss-protection: 1; mode=block\
SF:r
Date: Wed, 04 Feb 2026 10:21:52 GMT
Content-Typ
SF:e: text/html
Connection: close

<HTML><HEAD><script>wind
SF:ow\.top\.location\.href='/Main_Login\.asp';</script>
</HEAD></HTML>
"
SF:)%r(HTTPOptions,15C,"HTTP/1\.0 501 Not Implemented
Server:\
SF:x20httpd/2\.0
x-frame-options: SAMEORIGIN
x-xss-protection:
SF:01; mode=block
Date: Wed, 04 Feb 2026 10:21:52 
SF:GMT
Content-Type: text/html
Connection: close

<HTML>
SF:<HEAD><TITLE>501 Not Implemented</TITLE></HEAD>
<BODY BGCOLOR
SF:=\"#cc9999\"><H4>501 Not Implemented</H4>
That method is\x
SF:20not implemented\.
</BODY></HTML>
")%r(FourOhFourRequest,13A,"HTT
SF:P/1\.0 404 Not Found
Server: httpd/2\.0
x-frame-optio
SF:ns: SAMEORIGIN
x-xss-protection: 1; mode=block
Date: 
SF:Wed, 04 Feb 2026 10:21:52 GMT
Content-Type: text/h
SF:tml
Connection: close

<HTML><HEAD><TITLE>404 Not Fou
SF:nd</TITLE></HEAD>
<BODY BGCOLOR=\"#cc9999\"><H4>404 Not Found
SF:</H4>
File not found\.
</BODY></HTML>
")%r(RTSPRequest,15C,"HT
SF:TP/1\.0 501 Not Implemented
Server: httpd/2\.0
x-fram
SF:e-options: SAMEORIGIN
x-xss-protection: 1; mode=block
Da
SF:te: Wed, 04 Feb 2026 10:21:52 GMT
Content-Type:
SF:0text/html
Connection: close

<HTML><HEAD><TITLE>501 Not
SF: Implemented</TITLE></HEAD>
<BODY BGCOLOR=\"#cc9999\"><H4>501
SF:0Not Implemented</H4>
That method is not implemented\.\
SF:n</BODY></HTML>
")%r(RPCCheck,145,"HTTP/1\.0 400 Bad Request\
SF:r
Server: httpd/2\.0
x-frame-options: SAMEORIGIN
x-xss-pro
SF:tection: 1; mode=block
Date: Wed, 04 Feb 2026 1
SF:0:21:57 GMT
Content-Type: text/html
Connection: close\
SF:n
<HTML><HEAD><TITLE>400 Bad Request</TITLE></HEAD>
<BODY 
SF:BGCOLOR=\"#cc9999\"><H4>400 Bad Request</H4>
Can't parse r
SF:equest\.
</BODY></HTML>
");
MAC Address: D4:5D:64:0C:AE:30 (ASUSTek Computer)

Service detection performed. Please report any incorrect results at https://nmap.org/submit/ .
Nmap done: 1 IP address (1 host up) scanned in 381.33 seconds

Host: 192.168.1.197
------------------------------------------------------------
Starting Nmap 7.98 ( https://nmap.org ) at 2026-02-04 11:22 +0100
Nmap scan report for 192.168.1.197
Host is up (0.0016s latency).
Not shown: 498 closed tcp ports (conn-refused)
PORT    STATE SERVICE    VERSION
53/tcp  open  tcpwrapped
554/tcp open  rtsp
MAC Address: 90:BF:D9:9E:39:96 (Smart Innovation)

Service detection performed. Please report any incorrect results at https://nmap.org/submit/ .
Nmap done: 1 IP address (1 host up) scanned in 277.29 seconds

Host: 192.168.1.208
------------------------------------------------------------
Starting Nmap 7.98 ( https://nmap.org ) at 2026-02-04 11:27 +0100
Service detection performed. Please report any incorrect results at https://nmap.org/submit/ .
Nmap done: 1 IP address (1 host up) scanned in 200.47 seconds

Scan Completed
------------------------------------------------------------
Hosts scanned: 3
Potential vulnerabilities found (CVE matches): 0

